ファイル名、ディレクトリ名、またはボリューム ラベルの構文が間違っています。
